MNIST: 60000 train, 10000 test. Network: 784 inputs, 100 excitatory, 100 inhibitory, learning on
synapses: 88400
  trained    500      10s  101.5 spikes/image from 66.4 neurons  100/100 neurons used  theta 10.071
  trained   1000      20s  70.6 spikes/image from 36.7 neurons  100/100 neurons used  theta 16.802
  trained   1500      30s  29.5 spikes/image from 14.7 neurons  100/100 neurons used  theta 19.376
  trained   2000      41s  24.9 spikes/image from 10.6 neurons  100/100 neurons used  theta 21.462
  trained   2500      52s  20.6 spikes/image from 7.8 neurons  100/100 neurons used  theta 23.058
  trained   3000      63s  18.3 spikes/image from 6.3 neurons  100/100 neurons used  theta 24.383
  trained   3500      76s  19.7 spikes/image from 6.3 neurons  100/100 neurons used  theta 25.768
  trained   4000      88s  19.8 spikes/image from 6.3 neurons  100/100 neurons used  theta 26.971
  trained   4500     100s  18.6 spikes/image from 5.0 neurons  100/100 neurons used  theta 27.914
  trained   5000     113s  17.2 spikes/image from 3.7 neurons  100/100 neurons used  theta 28.644
  trained   5500     126s  16.9 spikes/image from 3.9 neurons  100/100 neurons used  theta 29.375
  trained   6000     139s  16.6 spikes/image from 3.4 neurons  100/100 neurons used  theta 30.058
  trained   6500     154s  17.3 spikes/image from 3.6 neurons  100/100 neurons used  theta 30.822
  trained   7000     168s  17.8 spikes/image from 3.3 neurons  99/100 neurons used  theta 31.559
  trained   7500     181s  18.0 spikes/image from 3.0 neurons  100/100 neurons used  theta 32.319
  trained   8000     196s  17.8 spikes/image from 2.8 neurons  100/100 neurons used  theta 33.005
  trained   8500     211s  17.8 spikes/image from 2.6 neurons  100/100 neurons used  theta 33.665
  trained   9000     226s  17.8 spikes/image from 2.7 neurons  100/100 neurons used  theta 34.317
  trained   9500     241s  18.8 spikes/image from 2.9 neurons  100/100 neurons used  theta 35.003
  trained  10000     256s  18.6 spikes/image from 2.7 neurons  100/100 neurons used  theta 35.642
  trained  10500     271s  20.3 spikes/image from 2.6 neurons  99/100 neurons used  theta 36.462
  trained  11000     287s  20.5 spikes/image from 2.7 neurons  98/100 neurons used  theta 37.226
  trained  11500     303s  22.5 spikes/image from 2.6 neurons  99/100 neurons used  theta 38.140
  trained  12000     320s  21.8 spikes/image from 2.4 neurons  98/100 neurons used  theta 39.005
  trained  12500     337s  23.0 spikes/image from 2.2 neurons  99/100 neurons used  theta 39.923
  trained  13000     355s  23.9 spikes/image from 2.3 neurons  99/100 neurons used  theta 40.864
  trained  13500     374s  25.3 spikes/image from 2.2 neurons  97/100 neurons used  theta 41.875
  trained  14000     393s  27.0 spikes/image from 2.2 neurons  99/100 neurons used  theta 42.976
  trained  14500     413s  27.2 spikes/image from 2.2 neurons  98/100 neurons used  theta 43.989
  trained  15000     434s  26.0 spikes/image from 2.2 neurons  99/100 neurons used  theta 44.780
  trained  15500     456s  27.9 spikes/image from 2.0 neurons  100/100 neurons used  theta 45.627
  trained  16000     477s  28.3 spikes/image from 2.1 neurons  100/100 neurons used  theta 46.447
  trained  16500     499s  29.7 spikes/image from 2.0 neurons  97/100 neurons used  theta 47.231
  trained  17000     521s  30.4 spikes/image from 2.0 neurons  96/100 neurons used  theta 48.079
  trained  17500     544s  32.8 spikes/image from 2.0 neurons  99/100 neurons used  theta 48.917
  trained  18000     567s  32.6 spikes/image from 1.8 neurons  99/100 neurons used  theta 49.545
  trained  18500     591s  32.8 spikes/image from 1.9 neurons  98/100 neurons used  theta 50.071
  trained  19000     615s  32.1 spikes/image from 1.8 neurons  95/100 neurons used  theta 50.367
  trained  19500     638s  34.0 spikes/image from 1.9 neurons  98/100 neurons used  theta 50.859
  trained  20000     662s  34.6 spikes/image from 1.7 neurons  97/100 neurons used  theta 51.272
  trained  20500     687s  33.4 spikes/image from 1.9 neurons  99/100 neurons used  theta 51.633
  trained  21000     711s  33.9 spikes/image from 1.7 neurons  98/100 neurons used  theta 51.912
  trained  21500     735s  34.4 spikes/image from 1.9 neurons  97/100 neurons used  theta 52.252
  trained  22000     759s  34.0 spikes/image from 1.9 neurons  99/100 neurons used  theta 52.437
  trained  22500     782s  33.1 spikes/image from 1.9 neurons  100/100 neurons used  theta 52.540
  trained  23000     807s  33.9 spikes/image from 2.0 neurons  99/100 neurons used  theta 52.682
  trained  23500     832s  34.4 spikes/image from 1.9 neurons  97/100 neurons used  theta 52.842
  trained  24000     857s  34.2 spikes/image from 1.9 neurons  100/100 neurons used  theta 52.964
  trained  24500     882s  35.7 spikes/image from 1.8 neurons  98/100 neurons used  theta 53.222
  trained  25000     906s  35.1 spikes/image from 1.9 neurons  98/100 neurons used  theta 53.405
  trained  25500     931s  36.4 spikes/image from 1.9 neurons  97/100 neurons used  theta 53.669
  trained  26000     955s  36.8 spikes/image from 1.8 neurons  99/100 neurons used  theta 53.894
  trained  26500     980s  37.1 spikes/image from 1.9 neurons  95/100 neurons used  theta 54.059
  trained  27000    1005s  36.3 spikes/image from 1.9 neurons  97/100 neurons used  theta 54.144
  trained  27500    1031s  36.3 spikes/image from 2.0 neurons  98/100 neurons used  theta 54.264
  trained  28000    1056s  35.2 spikes/image from 1.9 neurons  98/100 neurons used  theta 54.287
  trained  28500    1082s  36.6 spikes/image from 1.8 neurons  99/100 neurons used  theta 54.386
  trained  29000    1108s  37.4 spikes/image from 1.9 neurons  99/100 neurons used  theta 54.615
  trained  29500    1133s  36.7 spikes/image from 1.8 neurons  99/100 neurons used  theta 54.720
  trained  30000    1158s  37.6 spikes/image from 1.9 neurons  98/100 neurons used  theta 54.856
  trained  30500    1183s  34.2 spikes/image from 2.0 neurons  98/100 neurons used  theta 54.678
  trained  31000    1208s  33.5 spikes/image from 1.9 neurons  98/100 neurons used  theta 54.511
  trained  31500    1233s  34.0 spikes/image from 1.9 neurons  97/100 neurons used  theta 54.433
  trained  32000    1258s  36.3 spikes/image from 2.0 neurons  99/100 neurons used  theta 54.611
  trained  32500    1283s  37.5 spikes/image from 1.8 neurons  98/100 neurons used  theta 54.867
  trained  33000    1309s  35.2 spikes/image from 1.8 neurons  97/100 neurons used  theta 54.861
  trained  33500    1334s  36.0 spikes/image from 1.9 neurons  99/100 neurons used  theta 54.897
  trained  34000    1359s  37.9 spikes/image from 1.8 neurons  99/100 neurons used  theta 55.121
  trained  34500    1384s  36.0 spikes/image from 1.9 neurons  99/100 neurons used  theta 55.090
  trained  35000    1410s  34.2 spikes/image from 2.1 neurons  98/100 neurons used  theta 54.937
  trained  35500    1435s  34.4 spikes/image from 2.0 neurons  99/100 neurons used  theta 54.750
  trained  36000    1460s  33.8 spikes/image from 2.1 neurons  96/100 neurons used  theta 54.643
  trained  36500    1487s  37.7 spikes/image from 2.0 neurons  99/100 neurons used  theta 54.880
  trained  37000    1512s  36.0 spikes/image from 1.9 neurons  98/100 neurons used  theta 54.918
  trained  37500    1536s  34.2 spikes/image from 1.9 neurons  99/100 neurons used  theta 54.740
  trained  38000    1561s  33.1 spikes/image from 1.9 neurons  99/100 neurons used  theta 54.541
  trained  38500    1586s  36.5 spikes/image from 1.9 neurons  97/100 neurons used  theta 54.657
  trained  39000    1610s  35.3 spikes/image from 2.0 neurons  98/100 neurons used  theta 54.641
  trained  39500    1635s  35.4 spikes/image from 2.1 neurons  99/100 neurons used  theta 54.593
  trained  40000    1660s  36.5 spikes/image from 2.0 neurons  99/100 neurons used  theta 54.702
  trained  40500    1685s  36.4 spikes/image from 2.0 neurons  98/100 neurons used  theta 54.777
  trained  41000    1710s  32.7 spikes/image from 2.1 neurons  96/100 neurons used  theta 54.498
  trained  41500    1735s  36.0 spikes/image from 1.9 neurons  98/100 neurons used  theta 54.498
  trained  42000    1760s  36.7 spikes/image from 1.9 neurons  98/100 neurons used  theta 54.601
  trained  42500    1786s  36.2 spikes/image from 1.8 neurons  96/100 neurons used  theta 54.540
  trained  43000    1812s  36.2 spikes/image from 2.0 neurons  100/100 neurons used  theta 54.496
  trained  43500    1837s  35.0 spikes/image from 1.9 neurons  99/100 neurons used  theta 54.344
  trained  44000    1862s  36.9 spikes/image from 1.9 neurons  99/100 neurons used  theta 54.448
  trained  44500    1887s  35.6 spikes/image from 2.0 neurons  96/100 neurons used  theta 54.383
  trained  45000    1912s  37.5 spikes/image from 2.1 neurons  100/100 neurons used  theta 54.581
  trained  45500    1937s  36.2 spikes/image from 1.9 neurons  100/100 neurons used  theta 54.704
  trained  46000    1962s  36.4 spikes/image from 2.0 neurons  96/100 neurons used  theta 54.764
  trained  46500    1988s  36.3 spikes/image from 2.0 neurons  94/100 neurons used  theta 54.714
  trained  47000    2014s  35.3 spikes/image from 2.1 neurons  98/100 neurons used  theta 54.716
  trained  47500    2039s  35.5 spikes/image from 2.0 neurons  98/100 neurons used  theta 54.760
  trained  48000    2064s  33.0 spikes/image from 2.2 neurons  96/100 neurons used  theta 54.610
  trained  48500    2090s  32.7 spikes/image from 2.1 neurons  99/100 neurons used  theta 54.271
  trained  49000    2115s  34.5 spikes/image from 2.0 neurons  99/100 neurons used  theta 54.041
  trained  49500    2140s  34.3 spikes/image from 2.0 neurons  100/100 neurons used  theta 54.003
  trained  50000    2165s  35.9 spikes/image from 2.0 neurons  97/100 neurons used  theta 54.162
  trained  50500    2190s  35.2 spikes/image from 2.1 neurons  98/100 neurons used  theta 54.097
  trained  51000    2215s  35.2 spikes/image from 2.1 neurons  96/100 neurons used  theta 54.050
  trained  51500    2241s  34.2 spikes/image from 2.0 neurons  95/100 neurons used  theta 53.965
  trained  52000    2266s  34.6 spikes/image from 2.0 neurons  98/100 neurons used  theta 53.879
  trained  52500    2291s  33.9 spikes/image from 1.9 neurons  99/100 neurons used  theta 53.817
  trained  53000    2316s  35.5 spikes/image from 1.9 neurons  98/100 neurons used  theta 53.851
  trained  53500    2341s  36.0 spikes/image from 2.0 neurons  99/100 neurons used  theta 53.963
  trained  54000    2366s  33.7 spikes/image from 2.0 neurons  99/100 neurons used  theta 53.845
  trained  54500    2391s  34.5 spikes/image from 2.0 neurons  100/100 neurons used  theta 53.831
  trained  55000    2416s  35.0 spikes/image from 2.0 neurons  98/100 neurons used  theta 53.929
  trained  55500    2441s  36.2 spikes/image from 1.9 neurons  99/100 neurons used  theta 54.184
  trained  56000    2466s  33.1 spikes/image from 2.1 neurons  97/100 neurons used  theta 53.974
  trained  56500    2491s  32.9 spikes/image from 2.1 neurons  97/100 neurons used  theta 53.813
  trained  57000    2516s  34.0 spikes/image from 2.3 neurons  98/100 neurons used  theta 53.857
  trained  57500    2541s  35.7 spikes/image from 2.2 neurons  99/100 neurons used  theta 54.015
  trained  58000    2565s  35.7 spikes/image from 2.1 neurons  99/100 neurons used  theta 54.271
  trained  58500    2590s  34.4 spikes/image from 1.9 neurons  99/100 neurons used  theta 54.221
  trained  59000    2615s  32.9 spikes/image from 2.0 neurons  99/100 neurons used  theta 54.133
  trained  59500    2640s  35.0 spikes/image from 2.0 neurons  99/100 neurons used  theta 54.135
  trained  60000    2665s  34.2 spikes/image from 2.0 neurons  99/100 neurons used  theta 54.055

accuracy 70.16% on 10000 test images (0 with no spikes)
nearest-centroid baseline 82.04%
neurons per digit: 0:12 1:6 2:12 3:15 4:9 5:10 6:9 7:7 8:14 9:6  (silent 0)
time 3150 s (training 2665 s)
