MNIST: 60000 train, 10000 test. Network: 784 inputs, 400 excitatory, 400 inhibitory, learning on
synapses: 473600
  trained    500      49s  325.3 spikes/image from 249.6 neurons  400/400 neurons used  theta 8.063
  trained   1000      93s  264.3 spikes/image from 178.3 neurons  400/400 neurons used  theta 14.400
  trained   1500     143s  131.3 spikes/image from 88.7 neurons  400/400 neurons used  theta 17.305
  trained   2000     194s  82.4 spikes/image from 52.6 neurons  400/400 neurons used  theta 18.964
  trained   2500     240s  63.8 spikes/image from 37.6 neurons  400/400 neurons used  theta 20.160
  trained   3000     288s  63.2 spikes/image from 37.0 neurons  400/400 neurons used  theta 21.340
  trained   3500     337s  57.2 spikes/image from 31.4 neurons  400/400 neurons used  theta 22.334
  trained   4000     384s  49.2 spikes/image from 26.1 neurons  400/400 neurons used  theta 23.086
  trained   4500     431s  46.0 spikes/image from 24.4 neurons  400/400 neurons used  theta 23.714
  trained   5000     483s  40.8 spikes/image from 21.6 neurons  400/400 neurons used  theta 24.170
  trained   5500     533s  44.4 spikes/image from 24.4 neurons  400/400 neurons used  theta 24.633
  trained   6000     585s  45.8 spikes/image from 24.0 neurons  400/400 neurons used  theta 24.977
  trained   6500     637s  34.4 spikes/image from 16.2 neurons  400/400 neurons used  theta 25.074
  trained   7000     688s  34.2 spikes/image from 17.1 neurons  400/400 neurons used  theta 25.226
  trained   7500     739s  39.4 spikes/image from 19.3 neurons  400/400 neurons used  theta 25.397
  trained   8000     788s  37.1 spikes/image from 18.9 neurons  400/400 neurons used  theta 25.509
  trained   8500     847s  37.9 spikes/image from 18.4 neurons  399/400 neurons used  theta 25.617
  trained   9000     899s  33.0 spikes/image from 16.5 neurons  398/400 neurons used  theta 25.640
  trained   9500     951s  31.0 spikes/image from 15.1 neurons  398/400 neurons used  theta 25.638
  trained  10000    1000s  33.7 spikes/image from 16.6 neurons  399/400 neurons used  theta 25.739
  trained  10500    1054s  33.3 spikes/image from 16.2 neurons  400/400 neurons used  theta 25.821
  trained  11000    1104s  30.1 spikes/image from 15.1 neurons  400/400 neurons used  theta 25.781
  trained  11500    1155s  31.0 spikes/image from 16.1 neurons  399/400 neurons used  theta 25.809
  trained  12000    1208s  33.3 spikes/image from 16.8 neurons  400/400 neurons used  theta 25.853
  trained  12500    1260s  29.2 spikes/image from 13.4 neurons  399/400 neurons used  theta 25.826
  trained  13000    1312s  28.8 spikes/image from 13.4 neurons  400/400 neurons used  theta 25.799
  trained  13500    1364s  28.7 spikes/image from 13.4 neurons  400/400 neurons used  theta 25.770
  trained  14000    1412s  29.5 spikes/image from 13.6 neurons  400/400 neurons used  theta 25.750
  trained  14500    1464s  33.2 spikes/image from 17.3 neurons  400/400 neurons used  theta 25.829
  trained  15000    1515s  31.6 spikes/image from 15.5 neurons  400/400 neurons used  theta 25.864
  trained  15500    1564s  31.5 spikes/image from 15.8 neurons  399/400 neurons used  theta 25.871
  trained  16000    1613s  37.7 spikes/image from 19.4 neurons  400/400 neurons used  theta 25.998
  trained  16500    1662s  31.7 spikes/image from 15.4 neurons  399/400 neurons used  theta 26.003
  trained  17000    1709s  31.6 spikes/image from 15.2 neurons  400/400 neurons used  theta 26.011
  trained  17500    1758s  33.3 spikes/image from 15.7 neurons  400/400 neurons used  theta 26.063
  trained  18000    1810s  31.0 spikes/image from 14.1 neurons  399/400 neurons used  theta 26.061
  trained  18500    1859s  30.8 spikes/image from 13.5 neurons  400/400 neurons used  theta 26.048
  trained  19000    1905s  34.6 spikes/image from 15.9 neurons  399/400 neurons used  theta 26.119
  trained  19500    1957s  31.6 spikes/image from 14.7 neurons  400/400 neurons used  theta 26.093
  trained  20000    2007s  30.1 spikes/image from 13.8 neurons  399/400 neurons used  theta 26.039
  trained  20500    2060s  30.0 spikes/image from 13.5 neurons  398/400 neurons used  theta 26.023
  trained  21000    2111s  27.1 spikes/image from 11.3 neurons  399/400 neurons used  theta 25.986
  trained  21500    2165s  30.5 spikes/image from 14.4 neurons  400/400 neurons used  theta 26.053
  trained  22000    2214s  34.7 spikes/image from 16.3 neurons  400/400 neurons used  theta 26.137
  trained  22500    2266s  35.3 spikes/image from 16.7 neurons  400/400 neurons used  theta 26.217
  trained  23000    2315s  30.7 spikes/image from 14.5 neurons  400/400 neurons used  theta 26.183
  trained  23500    2364s  30.9 spikes/image from 13.9 neurons  400/400 neurons used  theta 26.195
  trained  24000    2411s  28.5 spikes/image from 12.9 neurons  400/400 neurons used  theta 26.171
  trained  24500    2461s  32.2 spikes/image from 14.0 neurons  400/400 neurons used  theta 26.225
  trained  25000    2512s  32.3 spikes/image from 15.1 neurons  400/400 neurons used  theta 26.256
  trained  25500    2561s  32.9 spikes/image from 15.5 neurons  400/400 neurons used  theta 26.309
  trained  26000    2613s  37.0 spikes/image from 16.8 neurons  400/400 neurons used  theta 26.426
  trained  26500    2662s  31.5 spikes/image from 14.4 neurons  400/400 neurons used  theta 26.404
  trained  27000    2713s  32.3 spikes/image from 15.3 neurons  400/400 neurons used  theta 26.380
  trained  27500    2766s  40.3 spikes/image from 19.2 neurons  399/400 neurons used  theta 26.522
  trained  28000    2821s  34.7 spikes/image from 16.8 neurons  400/400 neurons used  theta 26.530
  trained  28500    2872s  31.6 spikes/image from 14.9 neurons  398/400 neurons used  theta 26.454
  trained  29000    2924s  27.1 spikes/image from 12.0 neurons  399/400 neurons used  theta 26.362
  trained  29500    2975s  30.4 spikes/image from 14.9 neurons  400/400 neurons used  theta 26.364
  trained  30000    3027s  30.4 spikes/image from 13.4 neurons  398/400 neurons used  theta 26.369
  trained  30500    3082s  25.4 spikes/image from 11.0 neurons  400/400 neurons used  theta 26.271
  trained  31000    3137s  34.8 spikes/image from 17.7 neurons  400/400 neurons used  theta 26.391
  trained  31500    3184s  29.7 spikes/image from 13.5 neurons  400/400 neurons used  theta 26.357
  trained  32000    3236s  37.1 spikes/image from 17.6 neurons  399/400 neurons used  theta 26.450
  trained  32500    3289s  37.8 spikes/image from 17.8 neurons  400/400 neurons used  theta 26.564
  trained  33000    3342s  34.4 spikes/image from 16.3 neurons  400/400 neurons used  theta 26.559
  trained  33500    3395s  34.9 spikes/image from 16.3 neurons  400/400 neurons used  theta 26.568
  trained  34000    3450s  39.0 spikes/image from 17.8 neurons  400/400 neurons used  theta 26.641
  trained  34500    3506s  35.9 spikes/image from 15.8 neurons  400/400 neurons used  theta 26.624
  trained  35000    3559s  31.2 spikes/image from 13.6 neurons  400/400 neurons used  theta 26.535
  trained  35500    3612s  29.2 spikes/image from 13.3 neurons  400/400 neurons used  theta 26.478
  trained  36000    3665s  32.2 spikes/image from 14.7 neurons  400/400 neurons used  theta 26.497
  trained  36500    3719s  38.4 spikes/image from 17.3 neurons  400/400 neurons used  theta 26.606
  trained  37000    3773s  29.5 spikes/image from 13.4 neurons  400/400 neurons used  theta 26.565
  trained  37500    3829s  38.2 spikes/image from 17.6 neurons  400/400 neurons used  theta 26.729
  trained  38000    3887s  29.8 spikes/image from 14.5 neurons  399/400 neurons used  theta 26.682
  trained  38500    3939s  29.2 spikes/image from 13.6 neurons  400/400 neurons used  theta 26.594
  trained  39000    3993s  28.9 spikes/image from 14.4 neurons  400/400 neurons used  theta 26.543
  trained  39500    4049s  33.9 spikes/image from 15.8 neurons  400/400 neurons used  theta 26.614
  trained  40000    4107s  32.0 spikes/image from 15.5 neurons  399/400 neurons used  theta 26.532
  trained  40500    4165s  32.7 spikes/image from 15.4 neurons  399/400 neurons used  theta 26.539
  trained  41000    4220s  32.2 spikes/image from 15.0 neurons  400/400 neurons used  theta 26.553
  trained  41500    4280s  31.7 spikes/image from 14.6 neurons  400/400 neurons used  theta 26.544
  trained  42000    4335s  28.0 spikes/image from 11.6 neurons  399/400 neurons used  theta 26.476
  trained  42500    4389s  34.0 spikes/image from 15.2 neurons  400/400 neurons used  theta 26.498
  trained  43000    4447s  32.6 spikes/image from 14.2 neurons  400/400 neurons used  theta 26.522
  trained  43500    4505s  32.9 spikes/image from 14.6 neurons  400/400 neurons used  theta 26.481
  trained  44000    4566s  37.6 spikes/image from 16.8 neurons  400/400 neurons used  theta 26.530
  trained  44500    4623s  36.6 spikes/image from 16.6 neurons  400/400 neurons used  theta 26.516
  trained  45000    4676s  38.8 spikes/image from 17.9 neurons  400/400 neurons used  theta 26.619
  trained  45500    4727s  35.2 spikes/image from 16.6 neurons  400/400 neurons used  theta 26.606
  trained  46000    4780s  34.5 spikes/image from 16.1 neurons  398/400 neurons used  theta 26.575
  trained  46500    4836s  37.4 spikes/image from 16.8 neurons  399/400 neurons used  theta 26.613
  trained  47000    4895s  39.4 spikes/image from 17.0 neurons  400/400 neurons used  theta 26.701
  trained  47500    4951s  39.1 spikes/image from 17.7 neurons  399/400 neurons used  theta 26.758
  trained  48000    5005s  37.5 spikes/image from 17.3 neurons  399/400 neurons used  theta 26.797
  trained  48500    5063s  31.7 spikes/image from 14.2 neurons  399/400 neurons used  theta 26.698
  trained  49000    5119s  43.4 spikes/image from 19.9 neurons  400/400 neurons used  theta 26.886
  trained  49500    5177s  35.5 spikes/image from 16.6 neurons  398/400 neurons used  theta 26.852
  trained  50000    5234s  34.0 spikes/image from 15.3 neurons  399/400 neurons used  theta 26.799
  trained  50500    5290s  38.3 spikes/image from 16.5 neurons  399/400 neurons used  theta 26.852
  trained  51000    5349s  38.5 spikes/image from 17.0 neurons  400/400 neurons used  theta 26.912
  trained  51500    5404s  32.7 spikes/image from 15.4 neurons  400/400 neurons used  theta 26.807
  trained  52000    5458s  34.0 spikes/image from 16.0 neurons  400/400 neurons used  theta 26.774
  trained  52500    5513s  40.0 spikes/image from 17.1 neurons  398/400 neurons used  theta 26.900
  trained  53000    5570s  32.3 spikes/image from 14.8 neurons  400/400 neurons used  theta 26.825
  trained  53500    5628s  29.0 spikes/image from 12.9 neurons  399/400 neurons used  theta 26.616
  trained  54000    5687s  34.9 spikes/image from 16.1 neurons  400/400 neurons used  theta 26.592
  trained  54500    5748s  34.8 spikes/image from 14.9 neurons  400/400 neurons used  theta 26.591
  trained  55000    5804s  33.6 spikes/image from 15.1 neurons  400/400 neurons used  theta 26.550
  trained  55500    5865s  37.1 spikes/image from 16.0 neurons  400/400 neurons used  theta 26.602
  trained  56000    5922s  31.4 spikes/image from 15.2 neurons  399/400 neurons used  theta 26.550
  trained  56500    5980s  35.8 spikes/image from 16.2 neurons  398/400 neurons used  theta 26.598
  trained  57000    6032s  28.5 spikes/image from 12.8 neurons  399/400 neurons used  theta 26.579
  trained  57500    6089s  39.4 spikes/image from 18.8 neurons  399/400 neurons used  theta 26.687
  trained  58000    6151s  31.4 spikes/image from 14.3 neurons  399/400 neurons used  theta 26.645
  trained  58500    6207s  37.9 spikes/image from 16.8 neurons  399/400 neurons used  theta 26.702
  trained  59000    6260s  32.5 spikes/image from 14.9 neurons  400/400 neurons used  theta 26.608
  trained  59500    6314s  32.1 spikes/image from 13.6 neurons  398/400 neurons used  theta 26.573
  trained  60000    6373s  32.5 spikes/image from 14.1 neurons  400/400 neurons used  theta 26.583

accuracy 76.10% on 10000 test images (0 with no spikes)
nearest-centroid baseline 81.98%
neurons per digit: 0:160 1:15 2:20 3:28 4:15 5:17 6:14 7:15 8:94 9:22  (silent 0)
time 7887 s (training 6373 s)
