MNIST: 60000 train, 10000 test. Network: 784 inputs, 100 excitatory, 100 inhibitory, learning on
synapses: 88400
  trained    500      10s  100.5 spikes/image from 63.3 neurons  100/100 neurons used  theta 9.961
  trained   1000      20s  63.0 spikes/image from 35.0 neurons  100/100 neurons used  theta 15.957
  trained   1500      30s  35.3 spikes/image from 18.3 neurons  100/100 neurons used  theta 19.116
  trained   2000      41s  25.8 spikes/image from 11.5 neurons  100/100 neurons used  theta 21.278
  trained   2500      52s  20.8 spikes/image from 7.3 neurons  100/100 neurons used  theta 22.878
  trained   3000      63s  20.7 spikes/image from 7.5 neurons  100/100 neurons used  theta 24.393
  trained   3500      75s  20.3 spikes/image from 6.7 neurons  100/100 neurons used  theta 25.778
  trained   4000      87s  17.5 spikes/image from 5.5 neurons  100/100 neurons used  theta 26.805
  trained   4500     100s  17.8 spikes/image from 4.9 neurons  100/100 neurons used  theta 27.743
  trained   5000     113s  16.5 spikes/image from 4.0 neurons  100/100 neurons used  theta 28.493
  trained   5500     126s  18.3 spikes/image from 4.1 neurons  99/100 neurons used  theta 29.364
  trained   6000     140s  17.6 spikes/image from 4.0 neurons  100/100 neurons used  theta 30.114
  trained   6500     154s  17.2 spikes/image from 3.4 neurons  97/100 neurons used  theta 30.822
  trained   7000     167s  17.2 spikes/image from 3.5 neurons  100/100 neurons used  theta 31.517
  trained   7500     180s  16.7 spikes/image from 3.1 neurons  100/100 neurons used  theta 32.137
  trained   8000     194s  18.1 spikes/image from 2.9 neurons  100/100 neurons used  theta 32.876
  trained   8500     208s  18.3 spikes/image from 3.0 neurons  100/100 neurons used  theta 33.618
  trained   9000     223s  18.1 spikes/image from 2.7 neurons  99/100 neurons used  theta 34.276
  trained   9500     238s  19.4 spikes/image from 2.6 neurons  100/100 neurons used  theta 35.014
  trained  10000     253s  19.5 spikes/image from 2.5 neurons  100/100 neurons used  theta 35.772
  trained  10500     268s  19.7 spikes/image from 2.7 neurons  100/100 neurons used  theta 36.527
  trained  11000     284s  21.1 spikes/image from 2.7 neurons  99/100 neurons used  theta 37.340
  trained  11500     300s  21.3 spikes/image from 2.3 neurons  100/100 neurons used  theta 38.144
  trained  12000     317s  22.0 spikes/image from 2.4 neurons  100/100 neurons used  theta 38.974
  trained  12500     334s  23.1 spikes/image from 2.4 neurons  97/100 neurons used  theta 39.876
  trained  13000     352s  24.6 spikes/image from 2.3 neurons  100/100 neurons used  theta 40.847
  trained  13500     371s  25.6 spikes/image from 2.1 neurons  99/100 neurons used  theta 41.884
  trained  14000     390s  25.9 spikes/image from 2.1 neurons  99/100 neurons used  theta 42.864
  trained  14500     410s  26.8 spikes/image from 2.1 neurons  99/100 neurons used  theta 43.816
  trained  15000     431s  27.8 spikes/image from 2.1 neurons  98/100 neurons used  theta 44.796
  trained  15500     453s  28.8 spikes/image from 2.1 neurons  97/100 neurons used  theta 45.720
  trained  16000     475s  29.4 spikes/image from 1.9 neurons  97/100 neurons used  theta 46.624
  trained  16500     498s  30.5 spikes/image from 1.9 neurons  97/100 neurons used  theta 47.538
  trained  17000     520s  31.3 spikes/image from 1.9 neurons  98/100 neurons used  theta 48.311
  trained  17500     543s  32.4 spikes/image from 2.0 neurons  98/100 neurons used  theta 49.095
  trained  18000     567s  32.3 spikes/image from 2.0 neurons  100/100 neurons used  theta 49.690
  trained  18500     591s  30.5 spikes/image from 1.9 neurons  97/100 neurons used  theta 50.047
  trained  19000     614s  32.4 spikes/image from 1.9 neurons  100/100 neurons used  theta 50.582
  trained  19500     637s  32.7 spikes/image from 1.9 neurons  98/100 neurons used  theta 50.947
  trained  20000     661s  33.7 spikes/image from 1.8 neurons  96/100 neurons used  theta 51.313
  trained  20500     686s  35.4 spikes/image from 1.8 neurons  98/100 neurons used  theta 51.878
  trained  21000     709s  33.7 spikes/image from 1.8 neurons  97/100 neurons used  theta 52.129
  trained  21500     735s  35.6 spikes/image from 1.9 neurons  100/100 neurons used  theta 52.546
  trained  22000     759s  34.1 spikes/image from 1.8 neurons  96/100 neurons used  theta 52.689
  trained  22500     783s  33.0 spikes/image from 1.9 neurons  97/100 neurons used  theta 52.799
  trained  23000     808s  34.0 spikes/image from 1.9 neurons  99/100 neurons used  theta 52.885
  trained  23500     833s  36.4 spikes/image from 1.8 neurons  99/100 neurons used  theta 53.193
  trained  24000     858s  32.1 spikes/image from 1.8 neurons  98/100 neurons used  theta 53.144
  trained  24500     882s  33.3 spikes/image from 1.9 neurons  97/100 neurons used  theta 53.170
  trained  25000     906s  33.9 spikes/image from 1.9 neurons  98/100 neurons used  theta 53.312
  trained  25500     930s  33.6 spikes/image from 1.8 neurons  97/100 neurons used  theta 53.429
  trained  26000     954s  33.1 spikes/image from 1.9 neurons  97/100 neurons used  theta 53.428
  trained  26500     978s  35.1 spikes/image from 1.9 neurons  94/100 neurons used  theta 53.537
  trained  27000    1003s  37.1 spikes/image from 1.8 neurons  99/100 neurons used  theta 53.770
  trained  27500    1028s  36.7 spikes/image from 1.8 neurons  100/100 neurons used  theta 53.943
  trained  28000    1054s  37.0 spikes/image from 1.8 neurons  96/100 neurons used  theta 54.072
  trained  28500    1079s  37.8 spikes/image from 1.8 neurons  97/100 neurons used  theta 54.224
  trained  29000    1104s  37.6 spikes/image from 1.8 neurons  98/100 neurons used  theta 54.401
  trained  29500    1129s  35.5 spikes/image from 1.8 neurons  99/100 neurons used  theta 54.404
  trained  30000    1153s  36.4 spikes/image from 1.7 neurons  100/100 neurons used  theta 54.535
  trained  30500    1178s  36.0 spikes/image from 1.9 neurons  100/100 neurons used  theta 54.537
  trained  31000    1203s  35.3 spikes/image from 2.0 neurons  98/100 neurons used  theta 54.552
  trained  31500    1227s  34.8 spikes/image from 1.9 neurons  96/100 neurons used  theta 54.454
  trained  32000    1252s  37.2 spikes/image from 1.8 neurons  97/100 neurons used  theta 54.593
  trained  32500    1277s  39.1 spikes/image from 2.0 neurons  98/100 neurons used  theta 54.920
  trained  33000    1302s  36.5 spikes/image from 1.9 neurons  97/100 neurons used  theta 54.917
  trained  33500    1327s  36.7 spikes/image from 1.8 neurons  98/100 neurons used  theta 55.028
  trained  34000    1353s  37.3 spikes/image from 1.9 neurons  98/100 neurons used  theta 55.074
  trained  34500    1377s  36.6 spikes/image from 1.7 neurons  94/100 neurons used  theta 55.043
  trained  35000    1403s  37.1 spikes/image from 1.9 neurons  99/100 neurons used  theta 55.140
  trained  35500    1428s  36.0 spikes/image from 1.9 neurons  98/100 neurons used  theta 55.127
  trained  36000    1452s  36.0 spikes/image from 1.9 neurons  97/100 neurons used  theta 55.190
  trained  36500    1479s  36.8 spikes/image from 2.0 neurons  98/100 neurons used  theta 55.241
  trained  37000    1505s  37.3 spikes/image from 2.0 neurons  100/100 neurons used  theta 55.254
  trained  37500    1530s  35.7 spikes/image from 1.9 neurons  97/100 neurons used  theta 55.068
  trained  38000    1555s  38.1 spikes/image from 1.8 neurons  99/100 neurons used  theta 55.125
  trained  38500    1579s  35.8 spikes/image from 2.0 neurons  98/100 neurons used  theta 55.015
  trained  39000    1605s  37.4 spikes/image from 1.9 neurons  99/100 neurons used  theta 55.080
  trained  39500    1630s  36.0 spikes/image from 2.1 neurons  98/100 neurons used  theta 54.982
  trained  40000    1656s  37.5 spikes/image from 2.0 neurons  100/100 neurons used  theta 55.001
  trained  40500    1681s  37.3 spikes/image from 1.9 neurons  97/100 neurons used  theta 55.140
  trained  41000    1706s  36.2 spikes/image from 2.0 neurons  98/100 neurons used  theta 55.136
  trained  41500    1731s  34.8 spikes/image from 1.9 neurons  99/100 neurons used  theta 55.075
  trained  42000    1755s  35.9 spikes/image from 2.0 neurons  97/100 neurons used  theta 55.032
  trained  42500    1781s  36.0 spikes/image from 2.0 neurons  99/100 neurons used  theta 55.024
  trained  43000    1807s  38.7 spikes/image from 2.1 neurons  98/100 neurons used  theta 55.239
  trained  43500    1832s  34.2 spikes/image from 1.9 neurons  98/100 neurons used  theta 54.987
  trained  44000    1858s  35.7 spikes/image from 2.2 neurons  99/100 neurons used  theta 54.855
  trained  44500    1883s  36.8 spikes/image from 2.0 neurons  99/100 neurons used  theta 54.897
  trained  45000    1909s  36.7 spikes/image from 1.9 neurons  97/100 neurons used  theta 54.930
  trained  45500    1934s  36.4 spikes/image from 2.0 neurons  98/100 neurons used  theta 54.961
  trained  46000    1959s  35.7 spikes/image from 1.9 neurons  100/100 neurons used  theta 54.883
  trained  46500    1984s  36.1 spikes/image from 2.1 neurons  100/100 neurons used  theta 54.850
  trained  47000    2009s  37.7 spikes/image from 1.9 neurons  100/100 neurons used  theta 55.042
  trained  47500    2035s  36.4 spikes/image from 1.9 neurons  98/100 neurons used  theta 54.983
  trained  48000    2061s  36.4 spikes/image from 2.1 neurons  99/100 neurons used  theta 55.003
  trained  48500    2087s  36.6 spikes/image from 1.9 neurons  99/100 neurons used  theta 55.001
  trained  49000    2112s  36.9 spikes/image from 2.1 neurons  100/100 neurons used  theta 55.038
  trained  49500    2138s  36.4 spikes/image from 1.9 neurons  100/100 neurons used  theta 54.985
  trained  50000    2164s  34.9 spikes/image from 2.0 neurons  99/100 neurons used  theta 54.804
  trained  50500    2189s  34.1 spikes/image from 2.0 neurons  97/100 neurons used  theta 54.546
  trained  51000    2214s  34.5 spikes/image from 2.1 neurons  98/100 neurons used  theta 54.420
  trained  51500    2239s  33.7 spikes/image from 2.0 neurons  98/100 neurons used  theta 54.171
  trained  52000    2264s  37.1 spikes/image from 1.9 neurons  97/100 neurons used  theta 54.407
  trained  52500    2288s  34.5 spikes/image from 2.1 neurons  100/100 neurons used  theta 54.353
  trained  53000    2313s  35.4 spikes/image from 2.2 neurons  100/100 neurons used  theta 54.418
  trained  53500    2339s  36.1 spikes/image from 2.0 neurons  99/100 neurons used  theta 54.434
  trained  54000    2363s  35.2 spikes/image from 2.0 neurons  98/100 neurons used  theta 54.482
  trained  54500    2388s  33.6 spikes/image from 2.1 neurons  94/100 neurons used  theta 54.291
  trained  55000    2413s  35.8 spikes/image from 2.1 neurons  98/100 neurons used  theta 54.377
  trained  55500    2438s  34.1 spikes/image from 1.9 neurons  97/100 neurons used  theta 54.390
  trained  56000    2463s  34.1 spikes/image from 2.0 neurons  98/100 neurons used  theta 54.345
  trained  56500    2488s  35.4 spikes/image from 1.9 neurons  97/100 neurons used  theta 54.396
  trained  57000    2513s  37.3 spikes/image from 1.9 neurons  96/100 neurons used  theta 54.548
  trained  57500    2538s  37.2 spikes/image from 2.2 neurons  98/100 neurons used  theta 54.622
  trained  58000    2564s  37.4 spikes/image from 2.0 neurons  97/100 neurons used  theta 54.639
  trained  58500    2589s  35.3 spikes/image from 1.8 neurons  98/100 neurons used  theta 54.501
  trained  59000    2615s  36.0 spikes/image from 2.0 neurons  99/100 neurons used  theta 54.465
  trained  59500    2640s  35.7 spikes/image from 2.0 neurons  98/100 neurons used  theta 54.481
  trained  60000    2666s  34.8 spikes/image from 2.2 neurons  96/100 neurons used  theta 54.452

accuracy 69.90% on 10000 test images (0 with no spikes)
nearest-centroid baseline 81.98%
neurons per digit: 0:13 1:7 2:12 3:9 4:6 5:13 6:12 7:9 8:12 9:7  (silent 0)
time 3155 s (training 2666 s)
